---
source: components/markdown/tests/shortcodes.rs
assertion_line: 357
expression: body
---
<h1 id="begin-level-0">Begin level 0</h1>
<div><h2 id="begin-level-1">Begin level 1</h2>
<div><h3 id="begin-level-2">Begin level 2</h3>
<quote>Also a quote in the nested divs</quote><h3 id="end-level-2">End level 2</h3>
</div><h2 id="end-level-1">End level 1</h2>
</div><h1 id="end-level-0">End level 0</h1>
